可以提交，但不应按当前设计把它当作“检索优于记忆”的验证，也不建议只提交原定的双臂包。更稳妥的下一步是：把它改成一个用于选名的盲测包，并加入直接起名基线后再交给 Principal。

下一步行动：

1. 从两次运行中各选数量相同、类型相近的候选，去除来源、运行方式和生成过程信息，随机混排。
2. 增加一组成本较低的“直接起名”候选；候选总量控制在人能够认真比较的范围内，例如每组 6–10 个。
3. 要求 Principal 先独立评价每个名字的：
   - 是否愿意实际采用；
   - 易读、易记和可称呼性；
   - 与项目气质的契合度；
   - 明显负面联想或解释负担。
4. 再让其选出短名单和最终名字，同时记录“没有一个可用”的选项。
5. 在揭盲后比较三组的入围率、最终选择率、评价分布和单位 token 成本。若仍想判断检索的作用，之后再做多位评审、重复批次的正式比较。

理由是：项目确实需要 Principal 能够选择和使用的名字，因此真实决策者的盲选比继续依赖归档机制或后续选择器更接近目标。现有候选具有足够的形式差异，值得进入人类筛选；但检索成本超过一倍，目前只能确认它扩大了书名参与度，不能确认它提高了名字质量。两次运行又共同集中在修复、火、裂缝、工坊和继承等意象上，说明检索并未明显突破主要语义吸引域。

证据边界：

- 可以说：检索提高了来源覆盖，并显著增加 token 成本。
- 可以说：两种条件都生成了多样的表面形式，但共享若干主题集中点。
- 不能说：检索产生了更美、更合适或更可用的名字。
- 不能用“93 个互异输出”或归档差异度代替人类偏好；新奇性、来源均衡和命名质量不是同一个指标。
- 单个 Principal 的选择足以决定这个项目采用什么名字，但不足以推出对一般用户或其他项目都成立的生成方法结论。
- 当前运行也不足以干净估计检索效应：单次运行容易受到采样波动影响，而后续选择器还会引入额外筛选偏差。

决策边界：

- 如果唯一目标是尽快为这个项目选出一个 Principal 愿意使用的名字：提交改造后的盲测包；即使来不及加入基线，也可以提交，但只把结果解释为选名结果。
- 如果目标是决定以后是否值得为命名任务支付两倍以上的检索成本：当前双臂包不够，必须加入直接起名基线，并进行更多独立重复和盲评。
- 如果无法加入基线、无法盲化，或 Principal 只能看到经过不等强度筛选的候选：不要据此作方法优劣或资源投入决定。
- 采用检索的最低合理门槛应预先规定，例如显著提高“愿意实际采用”的候选比例或最终入选率，且收益足以覆盖额外成本；仅提高来源参与度不应达标。