{
  "validity_judgment": "The packet supports a provisional allocation claim: prefer Candidate B for these contract-analysis tasks under a 300-second boundary. B demonstrated equivalent acceptance-level capability with far lower latency and substantially lower timeout risk. It does not establish that B is universally superior, nor that A has no quality advantage outside the worker-visible criteria.",
  "supported_observations_or_claims": [
    "All seven settled outputs from both candidates matched the worker-visible acceptance statements.",
    "B passed all four runs in approximately 10–11.5 seconds.",
    "A’s successful runs took approximately 149–295 seconds, and another run was cancelled at the 300-second boundary.",
    "The cancelled A run had already finished its main model step and was in structured settlement, so its failure reflects the end-to-end completion design or time allocation, not necessarily failure to reason about the task.",
    "For this workload and boundary, B provides much greater latency headroom and observed completion reliability.",
    "The blind-judge preference for A is not supported by its stated rationale: the retained B output explicitly said `independent, non-substitutable` and supplied the same complete paths.",
    "Repeating the preference after emphasizing contrast evidence suggests judge insensitivity or bias rather than confirmed substantive superiority by A.",
    "The evidence supports allocating these cases to B, with A reserved only if a separately validated quality dimension justifies its additional latency."
  ],
  "unsupported_claims": [
    "A has better completion-contract reasoning.",
    "B failed to reject substitution or omitted concrete paths.",
    "A’s private structured settlement produces intrinsically better answers than B’s inline JSON response.",
    "B is superior across other tasks, providers, schedules, or duration limits.",
    "A is incapable of satisfying the orchestration-boundary task; it produced one passing result.",
    "The observed latency difference is caused solely by model capability rather than routing, thinking configuration, settlement architecture, or provider behavior.",
    "Exact comparative failure rates or general reliability estimates; the sample is too small."
  ],
  "smallest_next_evaluation": "Run one additional blind, artifact-grounded comparison on the completion-contract case using a deterministic checker that tests the disputed facts directly: presence of an explicit non-substitution statement and the required concrete paths. Hide candidate identity and response mechanism, impose the same end-to-end duration boundary, and require the judge to quote the exact supporting or missing spans. If both pass, allocate to B on latency; if the judge still prefers A without text-supported defects in B, treat that preference as invalid."
}