不应按当前方案直接提交“双臂对比包”。它比较的是两种生成流程留下的档案表面，却没有形成 Principal 可以直接决定并使用的命名成品。

实际关系是：模型产生材料，偏重新奇性的归档机制决定什么能够存活，后续选择器决定什么看起来“像命名包”，最后才轮到 Principal。因而 Principal 看到的差异并不等于两次运行本身的差异，而是“生成方式 × 归档偏好 × 选择器判断”的共同产物。检索运行还同时改变了两个因素——查取原文和均衡书名参与——不能把结果单独归因于检索。

核心矛盾在于：流程优化的是来源差异和档案新奇性，实际任务要求的却是人类能够理解、选择并承担后果的项目名称。93 个输出中的场景、动作、虚构记录和长篇意象可以作为中间生成材料，但不应与短名称一起伪装成同一种候选成品。两次运行又共同集中于修复、火、裂缝、工坊和继承，说明上游来源扩大了，最终语义空间却未相应扩大；此时增加一倍以上的 token 成本尚无决策价值证明。

下一步应是一次最小但关键的转变：

1. 暂停提交现有双臂包。
2. 从两次运行的材料中，按同一规则加工出可直接使用的名称：统一长度和语言形态，并为每个名称附上一句含义、适用场景及明显风险。
3. 增加“直接为该项目命名”的低成本基线；它必须经过相同的成品化、去重和资格审查。
4. 将三路候选混合、去除来源标签并随机排序，先由独立选择者做盲筛，再给 Principal 一个很短的最终名单。不要让同一个后续选择器既塑造候选又充当效果证据。
5. 记录 Principal 的可行动判断：愿意采用、愿意继续打磨或拒绝；同时记录理由，而不只记录偏好排名。

证据边界：

- 现有结果支持：检索加均衡扩大了书名参与，并显著增加成本。
- 现有结果也支持：无论采用哪种运行方式，生成和筛选系统都反复强化了相近母题。
- 它不支持：检索提高了审美质量、名称可用性或 Principal 的采用概率。
- 它也不支持：整个生成—归档流程优于直接命名。
- 即使盲测显示某一路更常入选，也只能证明这套项目简报、成品化规则和评审条件下的相对表现，不能证明普遍审美优势。
- 单个 Principal 的最终选择是项目决策证据，不是稳定的模型能力估计。

决策边界应预先写清：

- 若检索臂在盲筛和 Principal 采用意愿上没有明显胜过记忆臂或直接基线，就不应承担其两倍以上成本。
- 若检索臂只提高来源覆盖，却不提高可用名称的入选率，应把检索保留为探索工具，而非默认命名流程。
- 若三路候选都无法让 Principal 找到可采用或可小幅修改后采用的名称，问题应退回项目定位和命名约束，而不是继续扩大生成次数。
- 最终名称由 Principal 决定；评测只能决定哪种流程值得继续资助，不能替 Principal 决定项目叫什么。

因此，可以保留现有两臂材料，但只能把它们当作候选原料。应提交的是加入直接基线、完成统一成品化并经过盲化筛选后的决策包，而不是当前的流程对比展示。