最小有效的下一步：**暂不提交现有双臂包。先补一个朴素的“直接生成项目名称”基线，再把三路候选经过同一套可用性筛选、匿名化和随机排序后，交给 Principal。**

这是最小改动，因为无需重跑或解释整个生成场；只需补上当前比较所缺失的决策参照，并把未分类归档加工成真正可选择的成品。

### 为什么现在的包还不能交

现有双臂包能比较“模型记忆”和“运行时检索”产生的档案，却不能回答 Principal 面临的问题：**哪个名字值得实际采用？**

目前存在四个断点：

- 两种处理的候选都经过事后“看起来像名字”的投影。Principal 实际比较的是“生成处理＋投影选择”的复合结果，不能把差异单独归因于检索。
- 没有直接命名基线，因此无法判断昂贵的生成场是否比简单地要求同一模型直接起名更有用。
- 产物互不重复只证明字符串层面的新颖；共同集中于修复、火、裂缝、工坊、继承，说明语义空间仍然收敛。
- 没有人类审美比较，所以不能声称检索处理产生了更好的名字。

### 应形成的决策成品

补做一个规模很小、预算预先固定的直接命名基线。然后对三路候选使用完全相同的流程：

1. 先做硬性资格检查：是否确实像项目名、是否可读可说、是否有明显歧义或不良含义、是否满足项目语言与使用场景。
2. 每路按事先写明的规则选出少量候选；不要因来源不同改变筛选标准。
3. 隐去处理来源，合并并随机排序。
4. 每个候选只附 Principal 真正需要的信息：名称、简短释义、预期语气或联想、已发现的使用风险。
5. 要求 Principal 选择、淘汰或标记“都不可用”，而不是判断哪种生成方法更先进。

原始的 90 多个文本、检索片段、调用轨迹和完整归档属于**中间生成材料**。匿名候选及其使用说明才是**决策成品**。方法来源可以在作出首轮判断后揭盲，用于分析，而不应先支配审美选择。

### 证据边界

现有材料支持的结论只有：

- 检索使 token 成本增加一倍以上；
- 检索扩大了书名或来源的参与范围；
- 两种处理都产生了大量表面上不同的文本；
- 两边仍收敛于相近的语义主题。

现有材料不支持：

- 检索产生的名字更美、更合适或更可用；
- 更均衡的来源参与会带来更高的命名质量；
- 归档中的字符串新颖性等同于概念新颖性；
- 两臂结果优于直接生成名称；
- Principal 会偏好其中任何一种处理。

### 行动主体、历史与支配关系

实际行动者是 Principal；模型、检索系统、算子群和归档机制都只是供给候选的装置。当前流程却让生成历史取得了支配地位：64 次调用形成的大量档案，以及事后投影的选择，看起来像是一项已经成熟的成果，从而可能迫使 Principal 在两个技术处理之间选择，而不是自由决定一个可用名称。

被比较的表面也不是自然出现的“名字集合”，而是这样形成的：

`文学与哲学书名 → 激活材料 → 变异生成 → 新颖性归档 → 未分类文本 → 事后投影 → 像名字的候选`

因此，双臂表面差异同时受生成机制、归档偏好和投影者判断影响。

组织这些关系的核心矛盾是：**来源参与更分散，但语义结果仍集中；生产过程强调新颖性，最终任务却要求可采用性；实验追求处理间对称，Principal 的决策却缺少最朴素的参照。**

### 决策边界

- **补齐直接命名基线并完成匿名、同标准筛选后：**可以把包交给 Principal，作为实际选名工具。
- **若必须立即提交：**只能把当前内容标为“探索性候选菜单”，不得称为能比较两种处理优劣的双臂对比；同时必须允许 Principal 选择“均不采用”。
- **即使 Principal 偏好某一臂的候选：**这只能证明本次候选中的偏好，不能证明该处理普遍更优。
- **只有在重复、盲化的人类比较中出现稳定偏好，且收益足以抵消额外成本时：**才有依据决定今后是否保留检索处理。