我不会按“任务记录、解析器、CLI、UI、测试”简单一面一个 Agent。这个迁移的核心约束是：

- 读取：同时接受 `revision` 与旧的 `taskRevision`
- 写入：只能产生 `revision`
- 内部语义：尽早归一化为一个字段，避免兼容逻辑扩散
- 冲突：若一条记录同时包含两个字段，必须由同一所有者制定并落实规则

因此，持久化模型、解析器与写入路径必须由一个所有者统一处理；CLI 和 UI 可以在内部模型稳定后独立收敛。

## 1. 主 Agent 先重建完整迁移面

委派前，我会只读检查权威来源，建立字段的数据流：

```text
旧/新持久化记录
       ↓
兼容解析与校验
       ↓
内部规范模型 revision
       ↓
任务逻辑
   ↙          ↘
CLI 输出    Workbench UI
       ↓
新记录序列化（仅 revision）
```

需要定位：

- 持久化 schema、类型定义、序列化和更新路径
- 所有读取入口，包括导入、缓存、恢复和迁移代码
- `taskRevision` 的全部文本及结构化引用
- CLI 的 JSON、表格和人类可读输出
- Workbench 的 API 类型、状态、组件和快照
- fixtures、goldens、快照及兼容性测试
- 对外格式说明或协议文档

然后由主 Agent先确定迁移契约：

1. 内部规范字段统一为 `revision`。
2. 读取时接受旧键。
3. 同时存在两个键时的行为，例如：
   - 值相同：接受并归一化；
   - 值不同：优先新字段并报诊断，或直接拒绝。  
   该选择要依据项目现有兼容策略，而不是交给不同 Agent 各自决定。
4. 序列化、创建、更新和重写记录时绝不输出 `taskRevision`。
5. CLI/API 是否属于公开兼容面需单独确认；“仍须读懂旧记录”并不自动意味着新 CLI 输出还要保留旧列名。

## 2. 四个 Agent 的任务分配

四个 Agent 包括主 Agent，因此使用三个子 Agent。

| 所有者 | 任务包 | 边界与交付物 |
|---|---|---|
| 主 Agent | 持久化契约、解析器、规范模型、全部写入路径 | 负责唯一语义决策；实现双读单写；提供稳定的内部 `revision` 接口 |
| Agent A | CLI 表面 | 修改 CLI 类型、JSON/表格/文本输出及局部测试；不得自行加入兼容别名或改变解析规则 |
| Agent B | Workbench UI | 修改前端类型、数据映射、状态、组件、快照；以规范模型 `revision` 为输入 |
| Agent C | 测试资产与引用审计 | 枚举剩余引用，更新 fixtures/goldens/文档，增加端到端兼容矩阵；不修改核心迁移语义 |

这三个任务包可以独立收敛，因为它们共享的是主 Agent规定的稳定契约，而不是共同修改兼容策略。

若初步检查发现 CLI 和 UI 直接解析持久化原始记录，它们就不再独立。我会先把解析责任集中到共享边界，或把相关改动收回主 Agent，而不是允许三个地方各写一套 fallback。

## 3. 明确修改与决策归属

主 Agent独占以下决定和共享可变区域：

- schema 与持久化格式
- 新旧字段冲突规则
- 缺失值、类型错误和版本错误的处理
- serializer、updater、migration helper
- 公共任务模型的字段命名
- 是否提供临时内存别名，以及何时删除
- 最终测试矩阵和发布判断

子 Agent可以修改各自表面的消费代码和局部测试，但不得：

- 在 UI 或 CLI 中直接写 `taskRevision ?? revision`
- 让 serializer 继续输出旧键
- 擅自改变公共类型以照顾自己的表面
- 批量替换所有 fixture，导致旧格式兼容样本消失
- 根据搜索结果自行宣布迁移完成

每个委派任务包都会附上同一份契约、允许修改的目录、禁止修改的核心文件，以及预期测试命令。

## 4. 汇合方式

为了尽快完成，我会这样推进：

1. 主 Agent先完成契约和核心解析/写入改动，至少让公共模型与接口稳定。
2. 契约稳定后，三个子 Agent并行处理 CLI、Workbench、测试审计。
3. 子 Agent返回：
   - 修改文件列表；
   - 关键行为说明；
   - 已运行测试及结果；
   - 发现但未处理的跨边界问题；
   - 对 `taskRevision` 剩余引用的解释。
4. 主 Agent逐项对照源码、schema、serializer 和实际 diff 重新核验，不直接采信“已无旧字段”之类结论。
5. 按“核心 → CLI/UI → 测试资产”的顺序汇合；出现接口冲突时修改消费者，不允许各表面分叉核心契约。
6. 最后由主 Agent检查完整 diff，尤其关注机械改名误伤、旧 fixture 被全部删除、以及隐藏写入路径。

## 5. 验证方案

核心兼容矩阵至少覆盖：

| 输入记录 | 预期读取 | 后续新写入 |
|---|---|---|
| 只有 `revision` | 成功 | 只有 `revision` |
| 只有 `taskRevision` | 成功并归一化 | 只有 `revision` |
| 两者都有且相同 | 按既定策略成功 | 只有 `revision` |
| 两者都有但冲突 | 按统一规则诊断或拒绝 | 不产生含混写入 |
| 两者都没有 | 保持现有缺失字段行为 | 依业务规则 |
| 旧字段类型错误 | 明确失败/诊断 | 不静默污染数据 |

还会分层验证：

- 单元测试：parser、validator、serializer、create/update 路径。
- 往返测试：旧记录读入后保存，确认旧键消失且数据不丢失。
- CLI 测试：结构化输出与人类可读输出都使用 `revision`。
- Workbench 测试：旧记录经后端归一化后正常显示；新建、编辑、刷新均正常。
- 集成测试：旧持久化样本启动系统，再执行一次会写回记录的操作。
- 静态审计：全库搜索 `taskRevision`。最终只允许它出现在：
  - 兼容读取代码；
  - 明确标注的旧格式 fixture；
  - 迁移说明或兼容测试。
- 负向断言：扫描所有新生成的 JSON、golden 和快照，确保没有 `taskRevision`。
- 完整测试：相关包测试、类型检查、lint、Workbench 构建与仓库级测试。

发布验收标准不是“所有引用都替换了”，而是：旧记录仍可读，内部只使用规范字段，所有写入及对外新输出只产生 `revision`，并且旧字段的剩余引用均有明确的兼容用途。