我不会机械地“每个表面一个 Agent”。这次改名的核心风险在持久化兼容契约；任务模型、解析器和写入路径必须由同一责任人统一，否则很容易出现旧字段被重新写回、双字段冲突处理不一致等问题。

我会让四个 Agent（含负责人）按下面方式并行。

### 先冻结迁移契约

负责人先给出一页明确规则，所有任务包以此为准：

- 内部规范字段统一为 `revision`。
- 读取时接受：
  - 仅有 `revision`：正常读取。
  - 仅有 `taskRevision`：映射为 `revision`。
  - 两者都有且相同：接受，内部只保留 `revision`。
  - 两者都有但不同：默认报出明确的解析错误，避免静默采用错误版本；若现有系统要求容错，则显式规定 `revision` 优先，并记录告警。
- 所有序列化、创建、更新和回写路径只能产生 `revision`。
- 兼容只存在于持久化输入边界；业务模型、CLI 和 UI 不继续传播 `taskRevision`。
- 不原地批量迁移历史记录，除非请求者另行授权。
- 旧字段的读取兼容在一个发布周期后单独移除，不与本次改名混在一起。

### 委派任务包

| Agent | 任务包 | 修改归属 |
|---|---|---|
| 负责人 / Agent 1 | 持久化模型、解析器、序列化器，以及迁移契约 | 字段定义、兼容读取、冲突策略、新写入规范 |
| Agent 2 | CLI | 命令输出、JSON/结构化输出、快照和 CLI 测试 |
| Agent 3 | Workbench UI | API 类型、状态映射、组件展示、UI 测试 |
| Agent 4 | 测试审计与端到端验证 | 兼容夹具、跨层测试、全库旧名称审计；原则上不修改生产逻辑 |

这里的“表面”是所有权边界，而不是让各 Agent 自行解释迁移规则。Agent 2、3 只消费规范化后的 `revision`；不得各自在 CLI 或 UI 中增加旧字段兼容。

每个任务包都包含：

- 可修改的目录或文件范围。
- 必须满足的迁移契约。
- 明确的非目标。
- 需要运行的局部测试。
- 交付说明：修改文件、关键判断、测试结果、尚存的 `taskRevision` 引用及原因。

### 修改和决策归属

负责人拥有跨层契约和最终决策权，尤其包括：

- 双字段冲突如何处理。
- 旧字段兼容放在哪个输入边界。
- CLI 的机器可读输出是否属于持久化/公开契约。
- UI 接收的是规范化模型还是原始记录。
- 是否需要版本标记、告警或遥测。

目录所有者负责其表面的实现细节，但不能自行改变字段语义。若发现接口耦合，先把最小接口需求反馈给负责人，由负责人调整模型或契约；不允许两个 Agent 同时修改同一共享类型来“抢先解锁”。

Agent 4 独立写兼容矩阵和验证用例，能减少实现者只验证自己预期行为的偏差。如果测试揭示契约遗漏，由负责人决策，再由对应代码所有者修复。

### 执行和汇合

执行分两阶段，以避免并行工作建立在未稳定接口上：

1. 负责人先完成最小纵切：模型改名、解析兼容、规范序列化，并提交一个可供其他 Agent 使用的稳定接口。
2. CLI、UI 和测试 Agent 基于该接口并行工作；负责人同时审查所有写入路径和共享类型。

汇合顺序：

1. 先合入核心模型与解析器。
2. 将 CLI、UI、测试分支变基到该基线并运行局部测试。
3. 合入 CLI 和 UI。
4. 最后合入独立测试与审计调整。
5. 负责人解决冲突并做最终契约审查；不能只依赖“测试通过”。

尽量保持各提交单一职责，例如：

- 核心字段改名与兼容解析。
- CLI 输出迁移。
- Workbench UI 迁移。
- 兼容和端到端测试。

这样发现回归时可以精确定位，也便于一个发布周期后删除旧读兼容。

### 验证方案

核心兼容矩阵至少覆盖：

| 输入记录 | 读取结果 | 再写出 |
|---|---|---|
| `revision` | 成功 | 仅 `revision` |
| `taskRevision` | 成功并归一化 | 仅 `revision` |
| 两者相同 | 成功 | 仅 `revision` |
| 两者不同 | 按冻结契约报错或告警并取新值 | 若允许继续，只写 `revision` |
| 两者都缺失 | 保持原有必填或默认行为 | 不凭空恢复旧字段 |

此外验证：

- 创建、更新、复制、导入、导出、缓存、数据库适配器和测试工厂等所有写入路径。
- CLI 人类可读输出和 JSON 输出都只出现 `revision`。
- Workbench 的类型、状态、属性访问及展示不再依赖旧名称。
- 用真实形状的旧记录启动系统，完成读取、修改、保存，再检查落盘结果。
- 全量单元、集成、端到端和快照测试。
- 静态搜索 `taskRevision`；最终只允许存在于：
  - 兼容解析代码；
  - 旧记录测试夹具；
  - 必要的迁移说明。
- 搜索序列化产物，确认不存在 `"taskRevision"`。
- 若支持 schema 校验，分别验证旧输入可读、新输出只符合新 schema。

发布前我还会加入一个临时兼容命中计数或告警（如果系统已有遥测机制），用于判断旧记录是否仍在被读取；同时建立下一发布周期删除兼容解析和旧夹具的明确后续任务。这样既能快速并行，也能把最危险的迁移语义集中在一个可审计的责任边界内。