我会采用“3 个子 Agent 并行修改，主 Agent 负责核心兼容策略、汇合和验证”的组织方式。四个 Agent 包含主 Agent，因此不会机械地给五个表面各派一个人。

核心决策先固定，避免各处自行实现兼容逻辑：

- 内部统一字段名：`revision`
- 新写入和序列化：只产生 `revision`
- 旧记录读取：接受 `taskRevision`
- 若两个字段同时存在：`revision` 优先
- 兼容逻辑只放在持久化边界或解析器中；CLI 和 UI 不直接处理旧字段
- 不保留 `taskRevision` 类型别名或双写逻辑，除非读取旧格式所必需

### 委派任务包

**主 Agent：任务记录、解析器与集成**

拥有：

- 持久化任务记录的数据结构
- 读取、解析、迁移兼容逻辑
- 写入和序列化逻辑
- 跨表面的契约测试与最终汇合

任务：

1. 将规范字段改为 `revision`。
2. 读取时将旧 `taskRevision` 归一化为 `revision`。
3. 确认所有写入路径只输出 `revision`。
4. 定义冲突优先级，并用测试固定。
5. 审核其他 Agent 的修改是否绕过统一模型。

这部分决定数据契约，因此由主 Agent 持有，避免解析器和记录层被不同 Agent 改出两套规则。

**Agent 2：CLI**

独占 CLI 相关文件及其单元/快照测试。

任务：

- 将输出、JSON 输出、表格标题和帮助文本中的 `taskRevision` 改为 `revision`。
- CLI 只消费归一化后的 `revision`。
- 更新 CLI 测试。
- 检查用户可见文案中是否还残留旧名称，但不修改解析器或共享模型。

交付时报告修改文件、测试命令和结果。

**Agent 3：Workbench UI**

独占 Workbench 前端文件及其组件测试、快照。

任务：

- 更新类型、属性访问、状态映射和展示标签。
- 删除 UI 内对 `taskRevision` 的直接依赖。
- 更新组件测试、fixture 和快照。
- 不在 UI 中增加旧字段回退；旧格式由解析边界统一处理。

**Agent 4：测试与夹具审计**

独占通用测试、测试数据、fixtures 和兼容性用例；不修改生产代码。

任务：

- 将表示“当前格式”的 fixture 改为 `revision`。
- 保留少量明确命名的 legacy fixture，继续使用 `taskRevision`。
- 增加或整理以下回归用例：
  - 只含旧字段可以读取；
  - 只含新字段可以读取；
  - 两者并存时 `revision` 优先；
  - 读取旧记录后再次写入，只产生 `revision`；
  - 输出中不存在 `taskRevision`。
- 搜索测试和快照中的残留，区分有意兼容用例与遗漏。

### 文件和决策归属

开始并行前，主 Agent 会给每个任务包列出文件边界；共享类型、解析器和序列化器只由主 Agent修改。子 Agent 若发现必须修改共享文件，只提交具体位置和建议，不直接动手。

决策归属如下：

| 决策 | 负责人 |
|---|---|
| 持久化格式与兼容期限 | 主 Agent |
| 字段冲突优先级 | 主 Agent |
| CLI 展示形式 | CLI Agent |
| UI 展示与前端类型 | UI Agent |
| fixture 分类和覆盖矩阵 | 测试 Agent |
| 最终代码取舍与冲突解决 | 主 Agent |

### 汇合方式

1. 主 Agent 先落定字段契约和兼容行为。
2. 三个子 Agent 基于该契约并行工作，严格限制在各自文件范围。
3. 主 Agent逐份接收结果，先检查 diff 范围，再汇合。
4. 如测试 Agent 的 fixture 修改与 CLI/UI 测试重叠，测试 Agent 只负责通用 fixture；表面专属测试仍由对应 Agent 持有，以避免同时改同一文件。
5. 汇合后统一搜索 `taskRevision`。每个残留都必须属于：
   - legacy 输入解析；
   - 明确命名的兼容测试或旧格式 fixture。
   
   其他残留全部移除。

### 验证方案

先分别运行快速测试：

- 记录模型、解析器和序列化测试
- CLI 单元及快照测试
- Workbench 类型检查、组件测试和快照
- 通用兼容性与 fixture 测试

随后由主 Agent运行完整相关测试，并重点验证数据流：

```text
旧记录 taskRevision
    → 解析为 revision
    → CLI/UI 正常显示
    → 再次持久化
    → 仅包含 revision
```

最后执行三项静态检查：

- 生产写入代码中不存在 `"taskRevision"`；
- CLI/UI 生产代码不访问 `.taskRevision`；
- `taskRevision` 仅存在于旧格式读取逻辑和明确的兼容测试中。

任何完整测试失败都由主 Agent先判断归属，再交回对应 Agent做局部修复；主 Agent完成最终复测和结果汇总。