## Validity judgment

The packet supports a **provisional allocation claim**: for tasks defined by explicit, worker-visible acceptance criteria, Candidate B provides substantially better latency and boundary reliability while achieving the same observed acceptance coverage as Candidate A.

It does **not** establish that B is generally more capable, nor that A produces higher-quality answers. The judge’s stated reason for preferring A is contradicted by the retained B outputs, so that preference is not valid evidence of A’s superiority on this case.

## Supported observations and claims

- All seven settled outputs matched the visible acceptance statements.
- B completed all four runs in roughly 10–11.5 seconds.
- A took roughly 149–199 seconds on completion contracts and 295 seconds on its successful orchestration run.
- A exceeded the 300-second boundary once, despite reaching structured settlement after its main model step.
- Thus, B had materially more latency headroom and a better observed completion rate within the fixed duration boundary: 4/4 versus A’s 3/4.
- On this sample, B is the stronger allocation for explicit contract-verification and orchestration-boundary work where predictable completion time matters.
- The blind-judge preference is unreliable evidence because its concrete criticisms—failure to reject substitution and failure to cite paths—conflict with the retained response.

## Unsupported claims

- That B is universally more capable or accurate.
- That A’s reasoning improves substantive correctness.
- That B’s inline JSON or disabled thinking caused its speed or success.
- That A’s private structured-settlement call caused the timeout.
- That A deserves allocation based on the judge preference alone.
- That either candidate generalizes to hidden requirements, ambiguous specifications, write tasks, or broader workloads.
- Strong reliability estimates from only four runs per candidate.

## Smallest next evaluation

Run the same completion-contract case a few more times with a **hidden, mechanically scored contrast checklist** covering substitution rejection and exact path citation. Remove those statements from the worker-visible acceptance array, retain the 300-second boundary, and have the judge identify exact quoted evidence for every deduction.

This minimally tests whether B independently produces the disputed content and whether the A preference survives evidence-grounded judging.