现在不应把现有双臂包交给 Principal。它看似让人选择名字，实际却要求 Principal 在两个生成流程的后处理结果之间作判断；这个判断既不能证明检索更好，也未必能产生真正可用的项目名。

实际关系是：

- 行动主体是 Principal；他需要决定的是“采用哪个名字”。
- 生成场和两个归档只是中间材料生产系统。唯一明确的处理差异是是否运行时检索；检索提高了成本和来源参与度。
- 被比较的“名字”并非生成场直接产出，而是从未分类文本中经后续投影挑出的。因而 Principal 看到的表面同时由生成处理、归档机制和投影规则共同制造。
- 当前证据只支持“检索更贵、来源覆盖更广”。语义集中仍然相似，也没有人类证据支持任一处理在审美或命名效用上更好。

核心矛盾是：系统优化并比较的是生成过程与来源参与，而最终需要决定的是一个人能否理解、区分、记住并实际采用的名字。当前双臂结构把流程差异包装成了命名选择，并让后续投影拥有未被显式控制的支配力。

下一步应做最小有效转变：暂缓提交，把材料改造成一个面向命名决策的盲化候选包。

- 增加一个朴素的直接命名基线：使用同一模型，根据项目命名要求直接生成名字，不经过生成场和归档。
- 对三个来源采用同一套预先固定的投影、去重和入选规则，并给每个来源相同名额。
- 向 Principal 隐去候选来源和处理标签；随机混排。
- 每个条目提交成品信息，而不只是文本碎片：名称、简短释义、与项目的关联、明显的读写或歧义风险。若现实采用还涉及商标、域名或语言风险，应明确标为后续核验事项。
- 候选数量应小到可以真正比较；其余 90 多项继续作为中间材料，不进入决策界面。

证据边界：

- 当前可以声称检索增加 token 成本并扩大来源参与。
- 当前不能声称检索产生更好的名字、更高审美质量或更高采用价值。
- Principal 的盲选可以证明某些候选更受这个决策者偏好，但单次选择仍不能普遍证明某种生成处理更优。
- 若要评价处理方法，必须保留来源编码，并跨多位评审或多轮任务进行盲评；这与本次选定项目名是另一项决定。

决策边界：

- 如果目标是“现在选出一个可用名字”，Principal 只需在盲化成品候选中选择、淘汰或要求一轮定向修订；无需判断记忆与检索哪种方法更好。
- 如果目标是“决定以后采用哪种生成处理”，现有证据不足，不能由这次名字选择推出结论。
- 只有在直接基线也加入、投影规则一致、候选成为可判断的成品之后，才应把包交给 Principal。