现在不应把它作为“双臂优劣对比包”交给 Principal。可以保留现有候选，但应先把包改造成一次盲选的、以实际命名为目标的决策包。

实际关系是：

- 对象不是“生成场的文本质量”，而是 Principal 最终能够辨认、选择并实际使用的项目名。
- 行动主体包括生成系统、后续投影/筛选者和拥有最终命名权的 Principal。
- 两组表面候选并非两种独立命名方法的直接产物；它们先由同一生成场产生未分类文本，再经过“看起来像名字”的投影形成。
- 因此，Principal 看到的差异同时来自生成处理和后续筛选。筛选者掌握了候选可见性，Principal 只在被预先塑造的菜单中选择。
- 历史上，检索处理付出了两倍以上 token 成本并扩大了来源参与，但共同的模型、算子、初始材料、变异图和新奇性归档又把两边吸引到相同语义盆地。
- 核心矛盾是：实验比较的是“记忆与检索”，实际决策却是“哪个名字可用”；系统优化的是来源参与和归档新奇性，Principal 需要的则是命名适配性、可辨识性与承诺意愿。

下一步行动：

1. 增加一个朴素的直接命名基线：根据同一项目说明直接生成名字，不经过生成场和事后投影。
2. 从三个来源各取少量、数量相等的候选；统一格式，去掉来源标签、解释和文学出处，随机排列。
3. 先做最低限度的硬约束检查，例如明显重名、不可读、严重歧义或无法使用；不要用审美筛选把某一组提前“优化掉”。
4. 让 Principal 完成真实任务：选出愿意使用的首选、可接受备选，或明确选择“都不用”；同时记录简短理由。
5. 只有在选择完成后才揭示候选来源。当前双臂包可作为候选池或内部试运行材料，但不应被表述为检索与记忆的审美对决。

这是最小有效转变，因为无需重做整个生成场；只需补上缺失的直接基线、隐藏处理身份，并把评价单位从未分类文本改为可采用的名字。它同时削弱了两种支配：生成历史对审美判断的暗示，以及投影者对 Principal 选择空间的不可见控制。

证据边界：

- 现有证据支持：检索更昂贵，并扩大了来源参与。
- 现有证据支持：两种处理的归档在若干核心语义上仍然集中。
- 现有证据不支持：检索产生了更好的名字。
- 现有证据也不支持：记忆处理与检索处理没有审美差异；目前只是尚未由人类证明。
- 因为候选经过事后投影，Principal 对现有两组的偏好也不能干净归因于生成处理。
- 单个 Principal 的一次选择能证明某个名字在当前项目中被采用或偏好，不能证明一种方法具有普遍审美优势。

决策边界：

- 若目标是现在为项目选名：补齐基线并盲选后即可交付；Principal 的实际采用是最终标准。
- 若目标是决定以后是否为检索支付两倍以上成本：一次命名选择不够。只有当检索在多次、盲化、同预算或明确计入成本的任务中，持续提高首选率、可接受率或减少“都不用”，其额外成本才有依据。
- 若直接基线胜出或与两种生成场处理相当：应优先采用更简单、便宜的直接命名流程；生成场可保留为探索工具。
- 若没有候选达到采用门槛：不要强迫 Principal 在三组中选“最好”；应返回项目约束，重新生成。
- 若现在无法补做基线：可以把现有包交给 Principal 做非归因性的命名试选，但必须明确它只能回答“这些候选中有没有可用名字”，不能回答“记忆还是检索更好”。