## 有效性判断

这组结果对“该任务包中的实际分配表现”具有中等偏强的内部证据，但不足以作纯粹的模型能力归因。

原因是候选同时捆绑了三个变量：

- 路由模型不同；
- thinking 设置不同；
- 完成协议不同：A 需要额外结构化结算，B 直接输出 JSON。

因此可以比较候选配置 A 与候选配置 B 的端到端效用，却不能把差异单独归因于模型、thinking 或结算方式。

盲评结论本身可信度较低。评审给出的首轮理由与保留输出直接矛盾；加强对比证据后偏好仍未改变，说明该评审可能存在标签、风格或长度偏置，而不是稳定地依据声明标准判断。

## 受到支持的观察或主张

- 两种配置都能产生满足 worker 可见 acceptance 的结果：七个已结算输出全部合格。
- B 在这个任务包上显著更快：约 10–11 秒；A 约 149–295 秒，另有一次超时。
- B 的运行可靠性更高：4/4 完成；A 为 3/4，且唯一失败发生在结构化结算阶段。
- A 的额外结算路径构成明显的延迟和超时风险。被取消运行已经完成主要模型步骤，表明失败不能直接解释为核心推理能力不足。
- 在当前可观测质量相同的情况下，B 具有明显更好的成本—延迟—完成率配置。
- 因而，对与这两个案例同类、且以 acceptance 合规为主要目标的工作，可以把 B 作为默认分配，把 A 留作升级或复核路径。
- 当前盲评者不适合充当唯一质量裁判，尤其不能用其偏好推翻可核查的文本证据。

## 不受支持的主张

- 不支持“A 的逻辑能力强于 B”。客观 acceptance 没有显示这种差异。
- 不支持“B 不理解非替代关系或不会引用路径”；保留输出反驳了这一说法。
- 不支持“A 的高延迟完全来自模型思考”。额外的私有结构化结算是未隔离的混杂因素。
- 不支持“关闭 thinking 比启用 thinking 更好”，也不支持相反结论。
- 不支持“直接内联 JSON 普遍优于结构化结算”；这里只能确认它在本任务包和当前时限下更快、更稳。
- 不支持把 3/4 与 4/4 外推为普遍可靠性差异；样本量太小。
- 不支持“A 更适合高质量任务”的分配规则。现有的唯一质量偏好来自一个理由与证据不符的评审者。

## 最小的下一次评估

做一次小型、预注册的交叉评估：

- 选一个新的 completion-contract 案例和一个新的 orchestration-boundary 案例；
- 让 A、B 都使用同一种最终提交方式，优先采用直接结构化输出，以去除第二次结算带来的超时混杂；
- 预先把争议点转成可机械核验的项目：是否明确写出“独立且不可替代”、是否列出全部具体路径、是否出现被禁止的编排语汇；
- 隐藏候选身份并交换展示顺序；
- 以机械检查为主，人工评审只处理无法机械判定的差异，并要求逐项引用原文。

如果 B 仍全部通过且保持数量级的速度优势，就足以支持“B 默认、A 仅在明确失败时升级”的初步分配规则。若必须定位原因，之后再分别交叉 thinking 和结算方式；那已经不是最小评估。