我会按“依赖边界”而不是机械地按五个表面拆分。假设四个 Agent 包含主 Agent：主 Agent负责协议与集成，另外三个并行处理核心读写、CLI、Workbench UI。测试由各修改者就近维护，主 Agent补充端到端兼容验证。

核心迁移规则先冻结，避免并行实现分歧：

- 内存模型和公开接口统一使用 `revision`。
- 读取时接受 `revision` 和旧字段 `taskRevision`。
- 两者同时存在时，以 `revision` 为准；若值冲突，按现有错误处理机制记录警告或报错，但不能悄悄回退。
- 所有序列化、创建、更新和复制操作只写 `revision`。
- 不保留会重新输出 `taskRevision` 的对象展开或未知字段透传。
- CLI 与 UI 只展示、访问 `revision`；兼容逻辑仅放在持久化输入边界。

### 委派任务包

**主 Agent：协议、任务记录与最终集成**

归属：

- 搜索并建立所有 `taskRevision` 引用清单，按“读取、写入、显示、测试数据”分类。
- 确定上述兼容协议和类型层面的命名。
- 修改共享任务记录模型、公共类型或 schema；解决跨包 API 变化。
- 审核各分支，处理冲突，执行全套验证。
- 检查最终代码，确保旧字段只存在于兼容读取代码和兼容测试中。

主 Agent不与其他 Agent同时编辑 parser、CLI 或 UI 的具体文件，减少冲突。

**Agent 1：持久化与解析器**

任务包：

- 修改任务记录的反序列化/解析入口，使其接受两个字段并归一化为 `revision`。
- 修改所有持久化写路径，只输出 `revision`。
- 覆盖创建、更新、重写、导入导出、缓存或快照等可能的写入路径。
- 添加解析器和序列化单元测试：
  - 只含 `revision`；
  - 只含 `taskRevision`；
  - 两者相同；
  - 两者冲突；
  - 缺失或非法值；
  - 旧记录读入后再次保存只包含 `revision`。

交付时报告修改文件、字段优先级实现位置以及所有写入路径清单。

**Agent 2：CLI**

任务包：

- 更新 CLI 的字段访问、表格列、JSON/结构化输出、日志和帮助文本。
- 保证 CLI 读取的是归一化后的模型，不自行实现第二套旧字段兼容逻辑。
- 更新 CLI 快照与命令测试。
- 特别验证机器可读输出不再产生 `taskRevision`，避免形成新的外部契约。

如果 CLI 明确承诺稳定的 JSON 输出格式，字段改名属于用户可见变更，由主 Agent决定是否需要发布说明；Agent 2 不自行保留双字段输出。

**Agent 3：Workbench UI**

任务包：

- 更新数据类型、selector、组件 props、状态管理和展示文案中的字段名。
- 检查 UI 是否直接消费原始持久化记录；若是，改为消费归一化数据，或复用共享解析器。
- 更新组件测试、mock、fixture、快照和前端 API 类型。
- 验证旧记录仍能正常打开、显示和编辑；保存后只产生 `revision`。

### 修改与决策归属

采用“文件所有权 + 协议集中决策”：

- 共享模型、schema、迁移规则：主 Agent。
- parser 和持久化实现：Agent 1。
- CLI 文件及其测试：Agent 2。
- Workbench 文件及其测试：Agent 3。
- 跨模块行为、冲突优先级、是否警告、外部输出兼容策略：主 Agent统一裁决。
- 每个 Agent只修改自己表面的测试；跨表面的集成测试由主 Agent负责。

开始并行前，主 Agent先提交最小的共享类型/API 改动，或给出准确接口约定。其他 Agent基于该约定工作，避免各自猜测类型形态。

### 汇合方式

1. 主 Agent先完成引用清单和迁移协议，并划定文件所有权。
2. 三个 Agent并行修改，分别保持小而独立的提交。
3. 优先汇入 Agent 1，因为 CLI 和 UI 的正确性依赖归一化模型。
4. 随后汇入 CLI 与 UI；冲突由主 Agent解决，不让多个 Agent反复修改同一共享文件。
5. 汇合后重新全局搜索 `taskRevision`。每处残留必须被解释为：
   - 旧格式读取别名；
   - 兼容 fixture；
   - 明确验证旧格式的测试。
   
   其他残留全部移除。
6. 最后检查 diff，重点寻找对象展开、原始 JSON 透传和双字段序列化等隐蔽写回路径。

### 验证方案

分层执行：

- 各 Agent先运行自己负责包的类型检查、lint 和测试。
- 主 Agent运行任务模型/解析器、CLI、Workbench 的完整测试套件。
- 增加一个跨层迁移场景：加载仅含 `taskRevision` 的真实旧记录，经 parser、CLI 和 UI 使用后保存，确认输出只含 `revision`。
- 对新记录执行创建、更新、读取、再次保存的 round-trip 测试。
- 对同时包含两个字段且值冲突的记录验证既定优先级和诊断行为。
- 验证 CLI 的文本输出与结构化输出。
- 验证 Workbench 打开旧记录、显示 revision、编辑并保存。
- 对生成文件、快照、fixture 和文档做最终搜索。
- 如果仓库有 schema 校验或序列化 golden files，也纳入全套测试。

完成标准不是“代码中改完名字”，而是：旧记录可读、运行时只使用 `revision`、任何新写入都不含 `taskRevision`，且 CLI、UI 和测试对这一契约保持一致。