我不会简单地按“记录、解析器、CLI、UI、测试”逐面分配。这里真正的耦合点是持久化兼容协议：旧字段如何读取、双字段如何处理、内存中统一叫什么、写回时如何保证不泄漏 `taskRevision`。这部分必须由一个所有者端到端负责。

## 1. 委派前：主 Agent 重建完整迁移图

主 Agent 先只读勘察代码库，并以代码和测试为权威来源，而不是依赖文件名或搜索结果推断：

- 找出 `taskRevision` 的所有出现位置，包括：
  - 类型、schema、数据库映射和 fixture
  - 序列化、反序列化、升级或迁移逻辑
  - parser、validator、缓存和导入导出
  - CLI 文本、JSON 输出、快照
  - Workbench API、状态模型、组件
  - 测试数据、文档和生成代码
- 找出任务记录完整的读写路径：
  - `storage → decode/parse → domain model → CLI/UI`
  - `domain model → encode → storage`
- 运行相关基线测试，记录当前行为和已有失败。
- 阅读仓库内的 `AGENTS.md`、schema 定义、持久化格式说明和发布兼容政策。
- 确定哪些文件是生成产物，哪些是权威源文件。
- 检查是否存在外部消费者、公开 JSON 输出或版本化接口。

完成这一步后，主 Agent写下迁移契约，所有委派任务都引用该契约。

## 2. 迁移契约及决策归属

主 Agent拥有并最终决定这些共享语义：

| 场景 | 预期行为 |
|---|---|
| 旧记录只有 `taskRevision` | 正常读取为内存字段 `revision` |
| 新记录只有 `revision` | 正常读取 |
| 两个字段同时存在且相同 | 读取 `revision` |
| 两个字段同时存在但不同 | 采用明确策略；通常 `revision` 优先，并用测试固定 |
| 新建或更新记录 | 只写 `revision` |
| 读取旧记录后再次保存 | 输出中移除 `taskRevision`，只写 `revision` |
| 内存领域模型 | 只暴露 `revision` |
| CLI/UI | 消费规范化后的 `revision`，不各自实现兼容逻辑 |

“双字段冲突”不能由 parser、CLI、UI 各自决定。若代码库已有字段迁移惯例，应沿用它；否则由主 Agent明确选择，并记录理由。

## 3. 四个 Agent 的任务包

四个 Agent 包含主 Agent，因此采用一个语义所有者加三个独立贡献者。

### Agent 1：主 Agent——持久化与解析协议所有者

负责共享可变影响最大的核心路径：

- 领域模型和任务记录类型改名
- schema、decoder/parser、validator
- serializer、数据库映射和写入路径
- 旧字段兼容读取
- 双字段优先级
- 确保所有新写入都不含 `taskRevision`
- 核心兼容矩阵测试
- 最终集成、冲突解决和全局验证

任务记录与 parser 不拆给两个 Agent，因为两者共同定义迁移语义，独立修改很容易形成“双重兼容层”或不一致的优先级。

### Agent 2：CLI 表面

在迁移契约稳定后，独立处理：

- 人类可读输出中的名称
- JSON、机器可读输出及其兼容边界
- CLI 类型适配
- CLI 单元测试和快照

明确限制：

- 不修改持久化 decoder/encoder。
- 不自行读取 `taskRevision`。
- 如果 CLI 的 JSON 是公开接口，先报告其兼容要求，由主 Agent决定是否也需要一个发布周期的输出兼容；不得自行扩展旧字段输出。

### Agent 3：Workbench UI 表面

独立处理：

- API 客户端类型和状态模型
- selectors、组件 props、表格列或详情展示
- mock 数据、Storybook、前端测试
- 必要的快照更新

明确限制：

- UI 只使用规范化的 `revision`。
- 不在组件中写 `revision ?? taskRevision`。
- 如果 Workbench 直接读取原始持久化记录，必须立即上报；这意味着其工作不再独立，需要由主 Agent调整边界。

### Agent 4：独立审计与测试扩展

不让它随意“修所有测试”，而是给一个可独立收敛的验证包：

- 基于迁移契约补充黑盒/集成测试
- 准备旧记录、当前记录、双字段记录和 round-trip fixture
- 搜索遗漏的旧字段引用，并按类别报告
- 检查新写入结果中不存在 `taskRevision`
- 运行受影响测试集，报告确切命令和结果
- 不修改核心迁移语义；发现契约缺口时交回主 Agent裁决

这样测试 Agent 是独立审计者，不会与核心实现者竞争同一语义和文件。

## 4. 汇合方式

采用契约先行、分阶段汇合：

1. 主 Agent完成迁移图、契约和核心类型边界。
2. 将稳定的领域接口及任务包发给三个 Agent。
3. 各 Agent提交：
   - 改动文件列表
   - 运行过的命令及结果
   - 未解决假设
   - 是否触及契约外文件
4. 主 Agent逐项检查实际 diff 和权威源文件，不直接接受“已兼容”“测试通过”等文字结论。
5. 集成顺序：
   - 核心模型、读取和写入
   - CLI
   - Workbench
   - 黑盒测试与 fixture
6. 如果多个任务需要修改同一生成源、共享类型或快照，主 Agent接管该文件；不让各 Agent并行解决冲突。
7. 每次汇合后重新搜索旧字段，区分：
   - 合法：兼容读取、旧 fixture、迁移测试
   - 非法：生产写入、领域模型、CLI/UI 新代码
   - 待核验：文档、公开 API、生成产物

## 5. 验证方案

至少覆盖以下兼容矩阵：

- 读取仅含 `taskRevision` 的旧记录。
- 读取仅含 `revision` 的新记录。
- 读取同时含两个字段的记录，验证既定优先级。
- 旧记录读取后重新保存，只产生 `revision`。
- 新建、更新、复制、导入等所有写入入口只产生 `revision`。
- CLI 的文本和机器输出符合明确的接口契约。
- Workbench 能显示旧记录经后端规范化后的 revision。
- 缺失、空值、零值和错误类型的行为没有意外变化。
- 全仓搜索确认生产写入路径没有 `taskRevision`。

执行层次为：

1. 核心 parser/serializer 单元测试。
2. 持久化 round-trip 和升级测试。
3. CLI 集成测试及快照。
4. Workbench 类型检查、单元测试和构建。
5. 相关测试套件。
6. 全仓测试、lint、类型检查和构建。
7. 最后再次检查实际序列化产物，而不只检查源码字符串。

发布前还应保存一份真实旧版本产生的记录作为 fixture，用新版本读取并回写；如条件允许，再让旧版本尝试读取新记录，以明确这次兼容承诺究竟是“新读旧”还是双向兼容。题目只要求新版本在一个周期内读旧记录，因此不会擅自让新写入继续携带旧字段。